// Jest Snapshot v1, https://goo.gl/fbAQLP

exports[`renders home 1`] = `
<div
  className="home"
>
  <h1>
    Welcome to this webApp!
  </h1>
  <p>
    Lorem ipsum dolor sit amet, consectetur adipisicing elit. Odio eum labore sequi. Qui dolorum enim deserunt minima ratione, consequuntur quas esse culpa aliquam rem, accusantium consectetur labore odio repellat consequatur?
  </p>
  <p>
    Lorem ipsum dolor sit amet, consectetur adipisicing elit. Odio eum labore sequi. Qui dolorum enim deserunt minima ratione, consequuntur quas esse culpa aliquam rem, accusantium consectetur labore odio repellat consequatur?
  </p>
</div>
`;
